// Vitest Snapshot v1, https://vitest.dev/guide/snapshot.html

exports[`Snapshot 1`] = `
{
  "asFragment": [Function],
  "baseElement": <body>
    <div>
      <div
        class="hero bg-base-200 min-h-[800px] py-8"
      >
        <div
          class="hero-content flex-col lg:flex-row-reverse gap-x-8"
        >
          <img
            class="rounded-lg shadow-2xl"
            src="/src/components/ui/Hero/cover.jpg"
          />
          <div>
            <h1
              class="text-3xl md:text-5xl font-normal font-header"
            >
              Trilogía clásica!
            </h1>
            <div
              class="max-w-[500px] py-6"
            >
              <p
                class="py-2"
              >
                La Primera trilogía de Star Wars es el primer conjunto de películas pertenecientes a la franquicia Star Wars, una ópera espacial estadounidense creada por George Lucas.
              </p>
              <p
                class="py-2"
              >
                Edición clásica, complementada y restaurada. Star Wars Episodios 4-6 (Blu-ray + Blu-ray Extras) (6 discos) (Ediciones remasterizadas): La Guerra de las Galaxias, El Imperio Contraataca, El Retorno del Jedi
              </p>
            </div>
            <button
              class="btn btn-primary btn-xl"
            >
              Comprar 
              <span
                class="hidden sm:inline-block"
              >
                con descuento
              </span>
            </button>
          </div>
        </div>
      </div>
    </div>
  </body>,
  "container": <div>
    <div
      class="hero bg-base-200 min-h-[800px] py-8"
    >
      <div
        class="hero-content flex-col lg:flex-row-reverse gap-x-8"
      >
        <img
          class="rounded-lg shadow-2xl"
          src="/src/components/ui/Hero/cover.jpg"
        />
        <div>
          <h1
            class="text-3xl md:text-5xl font-normal font-header"
          >
            Trilogía clásica!
          </h1>
          <div
            class="max-w-[500px] py-6"
          >
            <p
              class="py-2"
            >
              La Primera trilogía de Star Wars es el primer conjunto de películas pertenecientes a la franquicia Star Wars, una ópera espacial estadounidense creada por George Lucas.
            </p>
            <p
              class="py-2"
            >
              Edición clásica, complementada y restaurada. Star Wars Episodios 4-6 (Blu-ray + Blu-ray Extras) (6 discos) (Ediciones remasterizadas): La Guerra de las Galaxias, El Imperio Contraataca, El Retorno del Jedi
            </p>
          </div>
          <button
            class="btn btn-primary btn-xl"
          >
            Comprar 
            <span
              class="hidden sm:inline-block"
            >
              con descuento
            </span>
          </button>
        </div>
      </div>
    </div>
  </div>,
  "debug": [Function],
  "findAllByAltText": [Function],
  "findAllByDisplayValue": [Function],
  "findAllByLabelText": [Function],
  "findAllByPlaceholderText": [Function],
  "findAllByRole": [Function],
  "findAllByTestId": [Function],
  "findAllByText": [Function],
  "findAllByTitle": [Function],
  "findByAltText": [Function],
  "findByDisplayValue": [Function],
  "findByLabelText": [Function],
  "findByPlaceholderText": [Function],
  "findByRole": [Function],
  "findByTestId": [Function],
  "findByText": [Function],
  "findByTitle": [Function],
  "getAllByAltText": [Function],
  "getAllByDisplayValue": [Function],
  "getAllByLabelText": [Function],
  "getAllByPlaceholderText": [Function],
  "getAllByRole": [Function],
  "getAllByTestId": [Function],
  "getAllByText": [Function],
  "getAllByTitle": [Function],
  "getByAltText": [Function],
  "getByDisplayValue": [Function],
  "getByLabelText": [Function],
  "getByPlaceholderText": [Function],
  "getByRole": [Function],
  "getByTestId": [Function],
  "getByText": [Function],
  "getByTitle": [Function],
  "queryAllByAltText": [Function],
  "queryAllByDisplayValue": [Function],
  "queryAllByLabelText": [Function],
  "queryAllByPlaceholderText": [Function],
  "queryAllByRole": [Function],
  "queryAllByTestId": [Function],
  "queryAllByText": [Function],
  "queryAllByTitle": [Function],
  "queryByAltText": [Function],
  "queryByDisplayValue": [Function],
  "queryByLabelText": [Function],
  "queryByPlaceholderText": [Function],
  "queryByRole": [Function],
  "queryByTestId": [Function],
  "queryByText": [Function],
  "queryByTitle": [Function],
  "rerender": [Function],
  "unmount": [Function],
}
`;
