// Vitest Snapshot v1, https://vitest.dev/guide/snapshot.html

exports[`Card > Snapshot: El artículo de la tarjeta no está en el carrito. 1`] = `
{
  "asFragment": [Function],
  "baseElement": <body>
    <div>
      <div
        class="card bg-base-100  shadow-sm"
      >
        <figure>
          <img
            alt="Boba Fett"
            src="https://vieraboschkova.github.io/swapi-gallery/static/assets/img/people/22.jpg"
          />
        </figure>
        <div
          class="card-body"
        >
          <h2
            class="card-title"
          >
            Boba Fett
          </h2>
          <p>
            Figura de Boba Fett de la serie Elite de Star Wars, 6" de metal fundido a presión, nueva, envío gratis
          </p>
          <div
            class="card-actions mt-3 flex justify-between items-center"
          >
            <div
              class="card-title text-accent"
            >
              80
               €
            </div>
            <button
              class="btn btn-primary"
              data-testid="addCartBtn1"
            >
              Añadir al carrito
            </button>
          </div>
        </div>
      </div>
    </div>
  </body>,
  "container": <div>
    <div
      class="card bg-base-100  shadow-sm"
    >
      <figure>
        <img
          alt="Boba Fett"
          src="https://vieraboschkova.github.io/swapi-gallery/static/assets/img/people/22.jpg"
        />
      </figure>
      <div
        class="card-body"
      >
        <h2
          class="card-title"
        >
          Boba Fett
        </h2>
        <p>
          Figura de Boba Fett de la serie Elite de Star Wars, 6" de metal fundido a presión, nueva, envío gratis
        </p>
        <div
          class="card-actions mt-3 flex justify-between items-center"
        >
          <div
            class="card-title text-accent"
          >
            80
             €
          </div>
          <button
            class="btn btn-primary"
            data-testid="addCartBtn1"
          >
            Añadir al carrito
          </button>
        </div>
      </div>
    </div>
  </div>,
  "debug": [Function],
  "findAllByAltText": [Function],
  "findAllByDisplayValue": [Function],
  "findAllByLabelText": [Function],
  "findAllByPlaceholderText": [Function],
  "findAllByRole": [Function],
  "findAllByTestId": [Function],
  "findAllByText": [Function],
  "findAllByTitle": [Function],
  "findByAltText": [Function],
  "findByDisplayValue": [Function],
  "findByLabelText": [Function],
  "findByPlaceholderText": [Function],
  "findByRole": [Function],
  "findByTestId": [Function],
  "findByText": [Function],
  "findByTitle": [Function],
  "getAllByAltText": [Function],
  "getAllByDisplayValue": [Function],
  "getAllByLabelText": [Function],
  "getAllByPlaceholderText": [Function],
  "getAllByRole": [Function],
  "getAllByTestId": [Function],
  "getAllByText": [Function],
  "getAllByTitle": [Function],
  "getByAltText": [Function],
  "getByDisplayValue": [Function],
  "getByLabelText": [Function],
  "getByPlaceholderText": [Function],
  "getByRole": [Function],
  "getByTestId": [Function],
  "getByText": [Function],
  "getByTitle": [Function],
  "queryAllByAltText": [Function],
  "queryAllByDisplayValue": [Function],
  "queryAllByLabelText": [Function],
  "queryAllByPlaceholderText": [Function],
  "queryAllByRole": [Function],
  "queryAllByTestId": [Function],
  "queryAllByText": [Function],
  "queryAllByTitle": [Function],
  "queryByAltText": [Function],
  "queryByDisplayValue": [Function],
  "queryByLabelText": [Function],
  "queryByPlaceholderText": [Function],
  "queryByRole": [Function],
  "queryByTestId": [Function],
  "queryByText": [Function],
  "queryByTitle": [Function],
  "rerender": [Function],
  "unmount": [Function],
}
`;
